// Jest Snapshot v1, https://goo.gl/fbAQLP

exports[`Hero component tests excepct to render Hero component 1`] = `
<div
  className="hero"
>
  <div
    className="hero_text"
  >
    <h1>
      I build stuff
    </h1>
  </div>
  <div
    className="hero_image"
  >
    <ForwardRef(SvgAvatar) />
  </div>
</div>
`;
